Joc de proves per operacions d'ordre superior i del main 
Prova de la funcio aplica-dos-cops dobla map i filter 
20 
[2, 4, 6, 8] 
[2, 4] 
