Joc de proves dels condicionals i booleans 
Prova de la condicio if 
Si la condicio es certa es mostra el primer missatge 
La condicio es certa 
Si la condicio es falsa es mostra el segon missatge 
Avaluarem la condicio not ( true or false )  
La condicio es falsa 
Prova de la condicio cond 
1 es igual a 1 
Prova d'and 
S'hauria de mostrar el segon missatge 
La condicio es falsa 
