Joc de proves per operacions d'entrada i sortida 
Prova de la funcio read 
Introdueix un nombre enter  El nombre introduit es  5 
Prova de llegir una cadena de text 
Introdueix una cadena de text  La cadena de text introduida es  Aix√≥ es una prova 
Prova de llegir una llista 
Introdueix una llista de nombres enters  La llista introduida es  [1, 2, 3] 
Prova de llegir dos nombres seguits  
Els nombres introduits son  7.2  i  5 
